[temucarttool.web.app/index.html]
[backblue.gif]
[fade.gif]
[index.html]
[temucarttool.web.app/index-2.html]
[temucarttool.web.app/assets/images/favicon.html]
[temucarttool.web.app/social.png]
[temucarttool.web.app/img/1.png]
[temucarttool.web.app/css/bootstrap.css]
[temucarttool.web.app/css/style.css]
[temucarttool.web.app/css/bootstrap-switch.html]
[temucarttool.web.app/css/font-awesome.min.css]
[temucarttool.web.app/css/chat.css]
[temucarttool.web.app/css/fbcm.css]
[d9cshxmf0qazr.cloudfront.net/2bddf99.js]
[temucarttool.web.app/img/box-bg.png]
[temucarttool.web.app/img/2.html]
[temucarttool.web.app/img/money.png]
[temucarttool.web.app/img/user.png]
[temucarttool.web.app/verify.png]
[temucarttool.web.app/img/PayPal-Proof.jpg]
[temucarttool.web.app/img/fb/avatar-2.png]
[temucarttool.web.app/img/fb/avatar-3.png]
[temucarttool.web.app/img/fb/avatar-4.png]
[temucarttool.web.app/img/fb/avatar-5.png]
[temucarttool.web.app/img/fb/avatar-1.png]
[temucarttool.web.app/img/fb/avatar-default.png]
[temucarttool.web.app/img/fb/avatar-7.png]
[temucarttool.web.app/img/fb/avatar-8.png]
[temucarttool.web.app/img/fb/avatar-9.png]
[temucarttool.web.app/img/fb/avatar-10.png]
[temucarttool.web.app/img/fb/avatar-11.png]
[temucarttool.web.app/jquery.min.js]
[temucarttool.web.app/js/bootstrap.min.js]
[temucarttool.web.app/js/bootstrap-switch.min.js]
[temucarttool.web.app/js/functions.app.js]
[temucarttool.web.app/js/main.js]
[temucarttool.web.app/js/chat.html]
[temucarttool.web.app/s10.histats.com/js15_as.html]
[temucarttool.web.app/index-3.html]
[temucarttool.web.app/sstatic1.histats.com/006c506c506c5.html]
[temucarttool.web.app/index.html]
[temucarttool.web.app/index-2.html]
[temucarttool.web.app/assets/images/favicon.html]
[temucarttool.web.app/fonts/glyphicons-halflings-regular.eot]
[temucarttool.web.app/fonts/glyphicons-halflings-regulard41dd41dd41dd41dd41d.eot]
[temucarttool.web.app/fonts/glyphicons-halflings-regular.woff2]
[temucarttool.web.app/fonts/glyphicons-halflings-regular.html]
[temucarttool.web.app/fonts/glyphicons-halflings-regular.ttf]
[temucarttool.web.app/css/bootstrap.css]
[temucarttool.web.app/fonts/glyphicons-halflings-regular.svg]
[temucarttool.web.app/img/bg.jpg]
[temucarttool.web.app/img/paypal-logo.png]
[temucarttool.web.app/css/style.css]
[temucarttool.web.app/css/bootstrap-switch.html]
[temucarttool.web.app/fonts/fontawesome-webfont3e6e3e6e3e6e3e6e3e6e.eot]
[temucarttool.web.app/fonts/fontawesome-webfontd41dd41dd41dd41dd41d.eot]
[temucarttool.web.app/fonts/fontawesome-webfont3e6e3e6e3e6e3e6e3e6e.woff2]
[temucarttool.web.app/fonts/fontawesome-webfont3e6e3e6e3e6e3e6e3e6e.woff]
[temucarttool.web.app/fonts/fontawesome-webfont3e6e3e6e3e6e3e6e3e6e.ttf]
[temucarttool.web.app/css/font-awesome.min.css]
[temucarttool.web.app/css/chat.css]
[temucarttool.web.app/css/fbcm.css]
[temucarttool.web.app/img/2.html]
[temucarttool.web.app/js/chat.html]
[temucarttool.web.app/s10.histats.com/js15_as.html]
[temucarttool.web.app/index-3.html]
[temucarttool.web.app/sstatic1.histats.com/006c506c506c5.html]
[temucarttool.web.app/fonts/glyphicons-halflings-regular.html]
[temucarttool.web.app/fonts/glyphicons-halflings-regular.svg]
[temucarttool.web.app/fonts/fontawesome-webfont3e6e3e6e3e6e3e6e3e6e.svg]
[temucarttool.web.app/fonts/fontawesome-webfont3e6e3e6e3e6e3e6e3e6e.svg]
